--- xcodebuild: WARNING: Using the first of multiple matching destinations:
{ platform:iOS Simulator, arch:arm64, id:A5E2996F-E4A7-4CE6-B627-4E89F5925297, OS:17.5, name:iPhone 15 Pro }
{ platform:iOS Simulator, arch:x86_64, id:A5E2996F-E4A7-4CE6-B627-4E89F5925297, OS:17.5, name:iPhone 15 Pro }
warning: module file '/Users/user/Library/Developer/Xcode/DerivedData/useless-bpzgoutlpwudwagbnxnylfgfiknu/Build/Products/Debug-iphonesimulator/expo-dev-menu-interface/EXDevMenuInterface.framework/Modules/EXDevMenuInterface.swiftmodule/arm64-apple-ios-simulator.swiftmodule' is incompatible with this Swift compiler: SDK does not match
warning: module file '/Users/user/Library/Developer/Xcode/DerivedData/useless-bpzgoutlpwudwagbnxnylfgfiknu/Build/Products/Debug-iphonesimulator/FirebaseCoreInternal/FirebaseCoreInternal.framework/Modules/FirebaseCoreInternal.swiftmodule/arm64-apple-ios-simulator.swiftmodule' is incompatible with this Swift compiler: SDK does not match
warning: module file '/Users/user/Library/Developer/Xcode/DerivedData/useless-bpzgoutlpwudwagbnxnylfgfiknu/Build/Products/Debug-iphonesimulator/HotUpdater/HotUpdater.framework/Modules/HotUpdater.swiftmodule/arm64-apple-ios-simulator.swiftmodule' is incompatible with this Swift compiler: SDK does not match
warning: module file '/Users/user/Library/Developer/Xcode/DerivedData/useless-bpzgoutlpwudwagbnxnylfgfiknu/Build/Products/Debug-iphonesimulator/ExpoSystemUI/ExpoSystemUI.framework/Modules/ExpoSystemUI.swiftmodule/arm64-apple-ios-simulator.swiftmodule' is incompatible with this Swift compiler: SDK does not match
warning: module file '/Users/user/Library/Developer/Xcode/DerivedData/useless-bpzgoutlpwudwagbnxnylfgfiknu/Build/Products/Debug-iphonesimulator/ExpoWebBrowser/ExpoWebBrowser.framework/Modules/ExpoWebBrowser.swiftmodule/arm64-apple-ios-simulator.swiftmodule' is incompatible with this Swift compiler: SDK does not match
warning: module file '/Users/user/Library/Developer/Xcode/DerivedData/useless-bpzgoutlpwudwagbnxnylfgfiknu/Build/Products/Debug-iphonesimulator/ExpoSplashScreen/ExpoSplashScreen.framework/Modules/ExpoSplashScreen.swiftmodule/arm64-apple-ios-simulator.swiftmodule' is incompatible with this Swift compiler: SDK does not match
warning: module file '/Users/user/Library/Developer/Xcode/DerivedData/useless-bpzgoutlpwudwagbnxnylfgfiknu/Build/Products/Debug-iphonesimulator/ExpoSymbols/ExpoSymbols.framework/Modules/ExpoSymbols.swiftmodule/arm64-apple-ios-simulator.swiftmodule' is incompatible with this Swift compiler: SDK does not match
warning: module file '/Users/user/Library/Developer/Xcode/DerivedData/useless-bpzgoutlpwudwagbnxnylfgfiknu/Build/Products/Debug-iphonesimulator/ExpoLinking/ExpoLinking.framework/Modules/ExpoLinking.swiftmodule/arm64-apple-ios-simulator.swiftmodule' is incompatible with this Swift compiler: SDK does not match
warning: module file '/Users/user/Library/Developer/Xcode/DerivedData/useless-bpzgoutlpwudwagbnxnylfgfiknu/Build/Products/Debug-iphonesimulator/ExpoKeepAwake/ExpoKeepAwake.framework/Modules/ExpoKeepAwake.swiftmodule/arm64-apple-ios-simulator.swiftmodule' is incompatible with this Swift compiler: SDK does not match
warning: module file '/Users/user/Library/Developer/Xcode/DerivedData/useless-bpzgoutlpwudwagbnxnylfgfiknu/Build/Products/Debug-iphonesimulator/ExpoImagePicker/ExpoImagePicker.framework/Modules/ExpoImagePicker.swiftmodule/arm64-apple-ios-simulator.swiftmodule' is incompatible with this Swift compiler: SDK does not match
warning: module file '/Users/user/Library/Developer/Xcode/DerivedData/useless-bpzgoutlpwudwagbnxnylfgfiknu/Build/Products/Debug-iphonesimulator/ExpoHead/ExpoHead.framework/Modules/ExpoHead.swiftmodule/arm64-apple-ios-simulator.swiftmodule' is incompatible with this Swift compiler: SDK does not match
warning: module file '/Users/user/Library/Developer/Xcode/DerivedData/useless-bpzgoutlpwudwagbnxnylfgfiknu/Build/Products/Debug-iphonesimulator/ExpoImage/ExpoImage.framework/Modules/ExpoImage.swiftmodule/arm64-apple-ios-simulator.swiftmodule' is incompatible with this Swift compiler: SDK does not match
warning: module file '/Users/user/Library/Developer/Xcode/DerivedData/useless-bpzgoutlpwudwagbnxnylfgfiknu/Build/Products/Debug-iphonesimulator/ExpoHaptics/ExpoHaptics.framework/Modules/ExpoHaptics.swiftmodule/arm64-apple-ios-simulator.swiftmodule' is incompatible with this Swift compiler: SDK does not match
warning: module file '/Users/user/Library/Developer/Xcode/DerivedData/useless-bpzgoutlpwudwagbnxnylfgfiknu/Build/Products/Debug-iphonesimulator/ExpoFont/ExpoFont.framework/Modules/ExpoFont.swiftmodule/arm64-apple-ios-simulator.swiftmodule' is incompatible with this Swift compiler: SDK does not match
warning: module file '/Users/user/Library/Developer/Xcode/DerivedData/useless-bpzgoutlpwudwagbnxnylfgfiknu/Build/Products/Debug-iphonesimulator/ExpoClipboard/ExpoClipboard.framework/Modules/ExpoClipboard.swiftmodule/arm64-apple-ios-simulator.swiftmodule' is incompatible with this Swift compiler: SDK does not match
warning: module file '/Users/user/Library/Developer/Xcode/DerivedData/useless-bpzgoutlpwudwagbnxnylfgfiknu/Build/Products/Debug-iphonesimulator/ExpoFileSystem/ExpoFileSystem.framework/Modules/ExpoFileSystem.swiftmodule/arm64-apple-ios-simulator.swiftmodule' is incompatible with this Swift compiler: SDK does not match
warning: module file '/Users/user/Library/Developer/Xcode/DerivedData/useless-bpzgoutlpwudwagbnxnylfgfiknu/Build/Products/Debug-iphonesimulator/EXManifests/EXManifests.framework/Modules/EXManifests.swiftmodule/arm64-apple-ios-simulator.swiftmodule' is incompatible with this Swift compiler: SDK does not match
warning: module file '/Users/user/Library/Developer/Xcode/DerivedData/useless-bpzgoutlpwudwagbnxnylfgfiknu/Build/Products/Debug-iphonesimulator/ExpoBlur/ExpoBlur.framework/Modules/ExpoBlur.swiftmodule/arm64-apple-ios-simulator.swiftmodule' is incompatible with this Swift compiler: SDK does not match
warning: module file '/Users/user/Library/Developer/Xcode/DerivedData/useless-bpzgoutlpwudwagbnxnylfgfiknu/Build/Products/Debug-iphonesimulator/ExpoAppleAuthentication/ExpoAppleAuthentication.framework/Modules/ExpoAppleAuthentication.swiftmodule/arm64-apple-ios-simulator.swiftmodule' is incompatible with this Swift compiler: SDK does not match
warning: module file '/Users/user/Library/Developer/Xcode/DerivedData/useless-bpzgoutlpwudwagbnxnylfgfiknu/Build/Products/Debug-iphonesimulator/ExpoAsset/ExpoAsset.framework/Modules/ExpoAsset.swiftmodule/arm64-apple-ios-simulator.swiftmodule' is incompatible with this Swift compiler: SDK does not match
warning: module file '/Users/user/Library/Developer/Xcode/DerivedData/useless-bpzgoutlpwudwagbnxnylfgfiknu/Build/Products/Debug-iphonesimulator/EXUpdatesInterface/EXUpdatesInterface.framework/Modules/EXUpdatesInterface.swiftmodule/arm64-apple-ios-simulator.swiftmodule' is incompatible with this Swift compiler: SDK does not match
warning: module file '/Users/user/Library/Developer/Xcode/DerivedData/useless-bpzgoutlpwudwagbnxnylfgfiknu/Build/Products/Debug-iphonesimulator/ExpoAdapterGoogleSignIn/ExpoAdapterGoogleSignIn.framework/Modules/ExpoAdapterGoogleSignIn.swiftmodule/arm64-apple-ios-simulator.swiftmodule' is incompatible with this Swift compiler: SDK does not match
